// Jest Snapshot v1, https://goo.gl/fbAQLP

exports[`should render ExpenseListItem with data provided 1`] = `
<div>
  <Link
    to="/edit/2"
  >
    <h3>
      Drogba
    </h3>
  </Link>
  <p>
    $200.11
    -
    January 1st, 1970
  </p>
</div>
`;
