// Jest Snapshot v1, https://goo.gl/fbAQLP

exports[`should render loginPage correctly 1`] = `
<button>
  Login
</button>
`;
